---
source: crates/tui/tests/snapshots.rs
expression: "render(&mut h.app, 110, 32)"
---
" omp-tui  1 Favorites (0)   2 Internet (3)   3 Partners (1)   4 Recent (0)    / search                        "
"┌ Inter┌ Settings ────────────────────────────────────────────────────────────────────────────────────┐──────┐"
"│  serv│ Nickname                                                                                     │ score│"
"│▶   ◆ │ Game folder                                                                                  │   123│"
"│    ○ │ Game executable                       gta_sa.exe                                             │    69│"
"│    ◆ │ SA-MP client version                  0.3.7-R5                                               │   420│"
"│      │ Inject open.mp client                 on                                                     │      │"
"│      │ Wine binary                           /opt/wine/bin/wine                                     │      │"
"│      │ Wine prefix                           /home/user/.local/share/omp-tui/prefix                 │      │"
"│      │ Extra environment (K=V ...)                                                                  │      │"
"│      │ Start game suspended, inject, resume  on                                                     │      │"
"│      │ Quit after launching                  off                                                    │      │"
"│      │ Query servers in lists (ping/players) off                                                    │      │"
"│      │ Reload the master list every          off                                                    │      │"
"│      │ Check for a new release at start      on                                                     │      │"
"│      │ Terminal for desktop entries          foot                                                   │      │"
"│      │                                                                                              │      │"
"│      │ ▶ Check client files and game                                                                │      │"
"└──────│ ▶ Download client files from open.mp                                                         │──────┘"
"┌ Detai│ ▶ Import client files from a launcher data folder…                                           │ ─────┐"
"│Alpha │ ▶ Auto-detect Wine, prefix, game and client files                                            │      │"
"│mode  │ ▶ Create / update the Wine prefix (wineboot)                                                 │      │"
"│langua│ ▶ Install d3dx9 into the prefix (winetricks)                                                 │      │"
"│player│ ▶ Install Arial into the prefix (winetricks)                                                 │      │"
"│versio│ ▶ Install DXVK into the prefix (needs Vulkan)                                                │      │"
"│ping  │ ▶ Import SA-MP favorites (USERDATA.DAT)…                                                     │      │"
"│websit│ ▶ Install desktop entry + omp:// handler                                                     │      │"
"│discor│Enter edit/toggle/run  ←/→ cycle  Esc close (settings are saved immediately)                  │      │"
"│rules │                                                                                              │      │"
"│      └──────────────────────────────────────────────────────────────────────────────────────────────┘      │"
"└────────────────────────────────────────────────────────────────────┘└──────────────────────────────────────┘"
" 3 servers loaded                                                                                             "
