---
source: crates/tui/tests/snapshots.rs
expression: "render(&mut h.app, 100, 32)"
---
" omp-tui  1 Favorites (0)   2 Internet (3)   3 Partners (1)   4 Recent (0)    / search              "
"┌ ┌ Settings ────────────────────────────────────────────────────────────────────────────────────┐─┐"
"│ │ Nickname                                                                                     │e│"
"│▶│ Game folder                                                                                  │3│"
"│ │ Game executable                       gta_sa.exe                                             │9│"
"│ │ SA-MP client version                  0.3.7-R5                                               │0│"
"│ │ Inject open.mp client                 on                                                     │ │"
"│ │ Wine binary                           ▏…mpatibilitytools.d/proton-cachyos-slr/files/bin/wine │ │"
"│ │ Wine prefix                           /home/user/.local/share/omp-tui/prefix                 │ │"
"│ │ Extra environment (K=V ...)                                                                  │ │"
"│ │ Start game suspended, inject, resume  on                                                     │ │"
"│ │ Quit after launching                  off                                                    │ │"
"│ │ Query servers in lists (ping/players) off                                                    │ │"
"│ │ Reload the master list every          off                                                    │ │"
"│ │ Check for a new release at start      on                                                     │ │"
"│ │ Terminal for desktop entries          foot                                                   │ │"
"│ │                                                                                              │ │"
"│ │ ▶ Check client files and game                                                                │ │"
"└─│ ▶ Download client files from open.mp                                                         │─┘"
"┌ │ ▶ Import client files from a launcher data folder…                                           │6┐"
"│A│ ▶ Auto-detect Wine, prefix, game and client files                                            │ │"
"│m│ ▶ Create / update the Wine prefix (wineboot)                                                 │ │"
"│l│ ▶ Install d3dx9 into the prefix (winetricks)                                                 │ │"
"│p│ ▶ Install Arial into the prefix (winetricks)                                                 │ │"
"│v│ ▶ Install DXVK into the prefix (needs Vulkan)                                                │ │"
"│p│ ▶ Import SA-MP favorites (USERDATA.DAT)…                                                     │ │"
"│w│ ▶ Install desktop entry + omp:// handler                                                     │ │"
"│d│Enter save  Esc cancel edit                                                                   │ │"
"│r│                                                                                              │ │"
"│ └──────────────────────────────────────────────────────────────────────────────────────────────┘ │"
"└─────────────────────────────────────────────────────────────────┘└───────────────────────────────┘"
" 3 servers loaded                                                                                   "
